yarn run v1.22.22
$ next dev
- info Loaded env from /Users/macbook/Desktop/ChatbotEcommerce/.env
- ready started server on 0.0.0.0:3000, url: http://localhost:3000
- [35mevent[39m compiled client and server successfully in 311 ms (20 modules)
- [36mwait[39m compiling...
- [35mevent[39m compiled client and server successfully in 106 ms (20 modules)
- [36minfo[39m Loaded env from /Users/macbook/Desktop/ChatbotEcommerce/.env
- [36minfo[39m Loaded env from /Users/macbook/Desktop/ChatbotEcommerce/.env
- [36mwait[39m compiling /src/middleware (client and server)...
- [35mevent[39m compiled successfully in 149 ms (152 modules)
- [36mwait[39m compiling /api/auth/[...nextauth] (client and server)...
- [35mevent[39m compiled successfully in 539 ms (54 modules)
- [36mwait[39m compiling /(authenticated)/dashboard/page (client and server)...
- [35mevent[39m compiled client and server successfully in 7.8s (5839 modules)
- [36mwait[39m compiling...
- [35mevent[39m compiled successfully in 499 ms (2747 modules)
- [36mwait[39m compiling /favicon.ico/route (client and server)...
- [36mwait[39m compiling /_error (client and server)...
- [35mevent[39m compiled client and server successfully in 4.5s (5895 modules)
- [36mwait[39m compiling /sign-in/page (client and server)...
- [35mevent[39m compiled client and server successfully in 2.7s (7137 modules)
- [36mwait[39m compiling /favicon.ico/route (client and server)...
- [35mevent[39m compiled successfully in 540 ms (3870 modules)
- [36mwait[39m compiling /_error (client and server)...
- [35mevent[39m compiled client and server successfully in 534 ms (7207 modules)
[?25h
